// Jest Snapshot v1, https://goo.gl/fbAQLP

exports[`Atom / IconBtn [SNAPSHOT] 렌더링 1`] = `
.c0 {
  display: -webkit-box;
  display: -webkit-flex;
  display: -ms-flexbox;
  display: flex;
  -webkit-flex-direction: row;
  -ms-flex-direction: row;
  flex-direction: row;
  margin: 1rem 0rem;
}

.c2 {
  margin-left: 1rem;
}

.c1 {
  height: 1.5rem;
}

<IconLabel
  iconProps={
    Object {
      "alt": "check",
      "height": "1.5rem",
      "src": "check-black.svg",
    }
  }
  labelContent="1인당 2개 구입 가능"
>
  <styled.div>
    <StyledComponent
      forwardedComponent={
        Object {
          "$$typeof": Symbol(react.forward_ref),
          "attrs": Array [],
          "componentStyle": ComponentStyle {
            "componentId": "sc-bdVaJa",
            "isStatic": false,
            "lastClassName": "c0",
            "rules": Array [
              "
  display: flex;
  flex-direction: row;
  margin: 1rem 0rem;
",
            ],
          },
          "displayName": "styled.div",
          "foldedComponentIds": Array [],
          "render": [Function],
          "styledComponentId": "sc-bdVaJa",
          "target": "div",
          "toString": [Function],
          "warnTooManyClasses": [Function],
          "withComponent": [Function],
        }
      }
      forwardedRef={null}
    >
      <div
        className="c0"
      >
        <Icon
          alt="check"
          height="1.5rem"
          src="check-black.svg"
        >
          <styled.img
            alt="check"
            height="1.5rem"
            src="check-black.svg"
          >
            <StyledComponent
              alt="check"
              forwardedComponent={
                Object {
                  "$$typeof": Symbol(react.forward_ref),
                  "attrs": Array [],
                  "componentStyle": ComponentStyle {
                    "componentId": "sc-htpNat",
                    "isStatic": false,
                    "lastClassName": "c1",
                    "rules": Array [
                      "
  height: ",
                      [Function],
                      ";
  border-radius: ",
                      [Function],
                      ";
",
                    ],
                  },
                  "displayName": "styled.img",
                  "foldedComponentIds": Array [],
                  "render": [Function],
                  "styledComponentId": "sc-htpNat",
                  "target": "img",
                  "toString": [Function],
                  "warnTooManyClasses": [Function],
                  "withComponent": [Function],
                }
              }
              forwardedRef={null}
              height="1.5rem"
              src="check-black.svg"
            >
              <img
                alt="check"
                className="c1"
                height="1.5rem"
                src="check-black.svg"
              />
            </StyledComponent>
          </styled.img>
        </Icon>
        <styled.div>
          <StyledComponent
            forwardedComponent={
              Object {
                "$$typeof": Symbol(react.forward_ref),
                "attrs": Array [],
                "componentStyle": ComponentStyle {
                  "componentId": "sc-bwzfXH",
                  "isStatic": false,
                  "lastClassName": "c2",
                  "rules": Array [
                    "
  ",
                    [Function],
                    "
  margin-left: 1rem;
",
                  ],
                },
                "displayName": "styled.div",
                "foldedComponentIds": Array [],
                "render": [Function],
                "styledComponentId": "sc-bwzfXH",
                "target": "div",
                "toString": [Function],
                "warnTooManyClasses": [Function],
                "withComponent": [Function],
              }
            }
            forwardedRef={null}
          >
            <div
              className="c2"
            >
              1인당 2개 구입 가능
            </div>
          </StyledComponent>
        </styled.div>
      </div>
    </StyledComponent>
  </styled.div>
</IconLabel>
`;
