// Jest Snapshot v1, https://goo.gl/fbAQLP

exports[`Atom / Price SNAPSHOT Rendering 1`] = `
<Price
  currency="₩"
  mount={16000000}
  separated={true}
>
  <styled.div>
    <StyledComponent
      forwardedComponent={
        Object {
          "$$typeof": Symbol(react.forward_ref),
          "attrs": Array [],
          "componentStyle": ComponentStyle {
            "componentId": "sc-bdVaJa",
            "isStatic": false,
            "lastClassName": "bDWFJH",
            "rules": Array [],
          },
          "displayName": "styled.div",
          "foldedComponentIds": Array [],
          "render": [Function],
          "styledComponentId": "sc-bdVaJa",
          "target": "div",
          "toString": [Function],
          "warnTooManyClasses": [Function],
          "withComponent": [Function],
        }
      }
      forwardedRef={null}
    >
      <div
        className=""
      >
        ₩ 16,000,000
      </div>
    </StyledComponent>
  </styled.div>
</Price>
`;
