// Jest Snapshot v1, https://goo.gl/fbAQLP

exports[`Router GET /api/users/events 유저의 이벤트를 불러왔고, 데이터가 있을 경우 200 1`] = `
Array [
  Object {
    "address": "경기 성남시 분당구 분당내곡로 117 크래프톤타워 6층",
    "endAt": "2019-12-05T12:00:00.000Z",
    "id": 323,
    "mainImg": "https://bookus.kr.object.ncloudstorage.com/723",
    "place": "네이버웹툰 6층 교육장",
    "placeDesc": "주차비는 지원하지 않습니다.",
    "startAt": "2019-12-05T10:00:00.000Z",
    "title": "Let'Swift 판교 1차 🎊",
    "userId": 2,
  },
  Object {
    "address": "서울시 강남구 강남대로 340",
    "endAt": "2019-11-30T09:00:00.000Z",
    "id": 313,
    "mainImg": "https://bookus.kr.object.ncloudstorage.com/690",
    "place": "위플레이스 강남점(서울시 강남구 강남대로 340 경원빌딩 3층)",
    "placeDesc": "",
    "startAt": "2019-11-30T05:00:00.000Z",
    "title": "[저자특강] 코어 자바스크립트 : 핵심 개념과 동작 원리로 이해하는 자바스크립트 프로그래밍",
    "userId": 2,
  },
  Object {
    "address": "서울특별시 강남구 테헤란로 322 한신인터밸리24 동관 22층 정무 E & A",
    "endAt": "2019-11-16T03:30:00.000Z",
    "id": 321,
    "mainImg": "https://bookus.kr.object.ncloudstorage.com/720",
    "place": "세미나룸",
    "placeDesc": "주차장은 건물 뒷편으로 들어오셔야 합니다.",
    "startAt": "2019-11-16T01:00:00.000Z",
    "title": "잠자는 동안 돈이 들어오는 방법!",
    "userId": 2,
  },
  Object {
    "address": "서울 강남구 테헤란로 22길 9, 7층 ",
    "endAt": "2019-11-15T09:00:00.000Z",
    "id": 272,
    "mainImg": "https://bookus.kr.object.ncloudstorage.com/597",
    "place": "쿠 퍼실리테이션 그룹",
    "placeDesc": "역삼역 3번 출구와 가깝습니다. 주차는 따로 제공하지 않습니다. ",
    "startAt": "2019-11-13T00:00:00.000Z",
    "title": "스크럼마스터 인증 과정 (CERTIFIED SCRUMMASTER)",
    "userId": 2,
  },
  Object {
    "address": "서울특별시 강남구 테헤란로 322 한신인터밸리24 동관 22층 정무E&A",
    "endAt": "2019-11-09T04:00:00.000Z",
    "id": 304,
    "mainImg": "https://bookus.kr.object.ncloudstorage.com/667",
    "place": "세미나룸",
    "placeDesc": "건물주차장이용 가능 ( 주차권지급 )",
    "startAt": "2019-11-09T02:00:00.000Z",
    "title": "잠자는 동안에도 돈이 들어오는 방법!",
    "userId": 2,
  },
  Object {
    "address": "테헤란로4길 38-5",
    "endAt": "2019-12-03T13:30:00.000Z",
    "id": 280,
    "mainImg": "https://bookus.kr.object.ncloudstorage.com/615",
    "place": "리얼리눅스 강의장 (혜정빌딩 4층 / 강남역 3번출구)",
    "placeDesc": "강남역 3번출구에서 3분거리 (카카오맵, 네이버맵 '리얼리눅스' 검색)",
    "startAt": "2019-11-05T11:30:00.000Z",
    "title": "기본원리부터 제대로 쌓자: 리눅스 SW 기본반_ 수강생 모집 (11월)",
    "userId": 2,
  },
  Object {
    "address": "서울특별시 강남구 테헤란로4길 32",
    "endAt": "2019-11-05T07:00:00.000Z",
    "id": 308,
    "mainImg": "https://bookus.kr.object.ncloudstorage.com/675",
    "place": "달랩 강남 사무실",
    "placeDesc": "406호",
    "startAt": "2019-11-05T05:00:00.000Z",
    "title": "코딩 도장 #4",
    "userId": 2,
  },
  Object {
    "address": "서울시 강남구 언주로 620 ",
    "endAt": "2019-11-01T06:00:00.000Z",
    "id": 311,
    "mainImg": "https://bookus.kr.object.ncloudstorage.com/683",
    "place": "서울시 강남구 언주로 620, 현대인텔렉스 빌딩 7층 단군소프트 교육장",
    "placeDesc": "주차료가 부과되오니, 대중교통 이용 권장드립니다. ",
    "startAt": "2019-11-01T04:00:00.000Z",
    "title": "Autodesk Inventor 기본 교육 ",
    "userId": 2,
  },
  Object {
    "address": "서울특별시 테헤란로 127 4층",
    "endAt": "2019-10-30T12:30:00.000Z",
    "id": 284,
    "mainImg": "https://bookus.kr.object.ncloudstorage.com/621",
    "place": "서울특별시 테헤란로 127 4층 스포카 사무실",
    "placeDesc": "주차는 지원되지 않습니다.",
    "startAt": "2019-10-30T10:00:00.000Z",
    "title": "스포카 크리에이터 컨퍼런스: Hello World!",
    "userId": 2,
  },
  Object {
    "address": "서울특별시 강남구 역삼동 테헤란로322 한신인터밸리24 동관 22층",
    "endAt": "2019-10-26T04:00:00.000Z",
    "id": 274,
    "mainImg": "https://bookus.kr.object.ncloudstorage.com/603",
    "place": "선릉역 4번출구 200m내",
    "placeDesc": "지하주차장 이용가능(주차권지급)",
    "startAt": "2019-10-26T02:00:00.000Z",
    "title": "잠자는 동안에도 돈이 들어오는 방법!",
    "userId": 2,
  },
  Object {
    "address": "서울시 강남구 역삼동 ",
    "endAt": "2019-11-15T16:00:00.000Z",
    "id": 301,
    "mainImg": "https://bookus.kr.object.ncloudstorage.com/662",
    "place": "네이버 d2",
    "placeDesc": "역삼동 테스트",
    "startAt": "2019-10-24T15:00:00.000Z",
    "title": "일반인이 이벤트 및 티켓 셋팅할수 있나?",
    "userId": 2,
  },
  Object {
    "address": "서울시 송파구 올림픽로35길 123 ",
    "endAt": "2019-10-24T13:00:00.000Z",
    "id": 269,
    "mainImg": "https://bookus.kr.object.ncloudstorage.com/592",
    "place": "삼성SDS타워 EASTCAMPUS 5층 X-Room",
    "placeDesc": "",
    "startAt": "2019-10-24T10:00:00.000Z",
    "title": "IT 인프라 엔지니어 그룹 밋업",
    "userId": 2,
  },
  Object {
    "address": "서울 강남구 테헤란로 142",
    "endAt": "2019-10-22T12:30:00.000Z",
    "id": 241,
    "mainImg": "https://bookus.kr.object.ncloudstorage.com/537",
    "place": "WeWork 역삼역 3층 라운지",
    "placeDesc": "WeWork 출입용 계단을 이용해주세요. (스타벅스 왼쪽)",
    "startAt": "2019-10-22T10:30:00.000Z",
    "title": "Klaytn Developer Meetup",
    "userId": 2,
  },
  Object {
    "address": "경기도 성남시 분당구 삼평동 판교역로 192번길 12",
    "endAt": "2019-10-22T13:00:00.000Z",
    "id": 292,
    "mainImg": "https://bookus.kr.object.ncloudstorage.com/635",
    "place": "주유별장 판교점",
    "placeDesc": "",
    "startAt": "2019-10-22T10:00:00.000Z",
    "title": "Theo's Birthday Party",
    "userId": 2,
  },
  Object {
    "address": "서울특별시 마포구 와우산로29길 42",
    "endAt": "2019-10-21T12:30:00.000Z",
    "id": 222,
    "mainImg": "https://bookus.kr.object.ncloudstorage.com/500",
    "place": " 홍대입구역 팟빵스튜디오 지하 3층 팟빵홀",
    "placeDesc": "주차가 불가능하니 대중교통을 이용해주세요.",
    "startAt": "2019-10-21T10:30:00.000Z",
    "title": "데이터홀릭 공개방송 '데이터 분석가의 모든 것'",
    "userId": 2,
  },
  Object {
    "address": "서울 강남구 테헤란로4길 32",
    "endAt": "2019-10-19T09:00:00.000Z",
    "id": 291,
    "mainImg": "https://bookus.kr.object.ncloudstorage.com/633",
    "place": "달랩 강남 사무실",
    "placeDesc": "406호",
    "startAt": "2019-10-19T05:00:00.000Z",
    "title": "달토끼 (달랩 토요 모임)",
    "userId": 2,
  },
  Object {
    "address": "서울특별시 강남구 영동대로 417",
    "endAt": "2019-10-19T08:00:00.000Z",
    "id": 249,
    "mainImg": "https://bookus.kr.object.ncloudstorage.com/549",
    "place": "구글 스타트업 캠퍼스 이벤트홀",
    "placeDesc": "구글 스타트업 캠퍼스는 현대 오토웨이 타워 지하 2층에 위치해있습니다. 에스컬레이터로 내려오신 후, 문으로 찾아오시면 스태프가 안내 해드리겠습니다.",
    "startAt": "2019-10-19T03:30:00.000Z",
    "title": "Angular Codelab By GDG Korea WebTech",
    "userId": 2,
  },
  Object {
    "address": "대한민국 서울특별시 종로구 중학동 종로 1길 50 마이크로소프트 코리아 11층",
    "endAt": "2019-10-19T09:00:00.000Z",
    "id": 248,
    "mainImg": "https://bookus.kr.object.ncloudstorage.com/548",
    "place": "마이크로소프트 코리아 11층",
    "placeDesc": "",
    "startAt": "2019-10-18T23:00:00.000Z",
    "title": "test",
    "userId": 2,
  },
  Object {
    "address": "서울특별시 강남구 선릉로 428 (대치동 889-41)",
    "endAt": "2019-10-15T09:00:00.000Z",
    "id": 226,
    "mainImg": "https://bookus.kr.object.ncloudstorage.com/505",
    "place": "멀티캠퍼스 선릉 7층 메이커스룸",
    "placeDesc": "",
    "startAt": "2019-10-15T06:00:00.000Z",
    "title": "Collaborative Agile Planning",
    "userId": 2,
  },
  Object {
    "address": "서울시 용산구 한강대로48길 17-6",
    "endAt": "2019-10-11T13:00:00.000Z",
    "id": 239,
    "mainImg": "https://bookus.kr.object.ncloudstorage.com/535",
    "place": "한국즉흥극장",
    "placeDesc": "",
    "startAt": "2019-10-11T11:00:00.000Z",
    "title": "Imfrog 2019 가을 공연",
    "userId": 2,
  },
  Object {
    "address": "서울 강남구 테헤란로4길 32",
    "endAt": "2019-10-05T09:00:00.000Z",
    "id": 268,
    "mainImg": "https://bookus.kr.object.ncloudstorage.com/591",
    "place": "달랩 강남 사무실",
    "placeDesc": "406호",
    "startAt": "2019-10-05T05:00:00.000Z",
    "title": "달토끼 (달랩 토요 모임)",
    "userId": 2,
  },
  Object {
    "address": "서울특별시 강남구 봉은사로81길 15",
    "endAt": "2019-10-05T09:00:00.000Z",
    "id": 256,
    "mainImg": "https://bookus.kr.object.ncloudstorage.com/570",
    "place": "11테라스(9호선 삼성중앙역 4번 출구)",
    "placeDesc": "주차는 지원되지 않습니다. / 9호선 삼성중앙역 4번출구에서 5분거리 / 9호선 급행정차역(봉은사역, 선정릉역에서도보가능), 7호선 청담역에서 도보 가능 / 2호선에서는 접근성이 떨어짐",
    "startAt": "2019-10-05T04:00:00.000Z",
    "title": "[강화학습 핸즈온] 딥리워드 101 : 10월 ",
    "userId": 2,
  },
  Object {
    "address": "인천광역시 연수구 송도동 7-50",
    "endAt": "2019-10-05T08:00:00.000Z",
    "id": 240,
    "mainImg": "https://bookus.kr.object.ncloudstorage.com/536",
    "place": "인천광역시 연수구 송도동 7-50 인천대 미추홀 캠퍼스 사범대 A동 5층 창업다락",
    "placeDesc": "인천대 미추홀 캠퍼스 5층 창업 다락 입니다. 주차는 무료, 인천 테크노파크 (1호선) 역 5분 거리.",
    "startAt": "2019-10-05T04:00:00.000Z",
    "title": "Flutter MeetUp - In Songdo",
    "userId": 2,
  },
  Object {
    "address": "서울특별시 종로구 종로 1길 50. 더케이트윈타워 A동 11층",
    "endAt": "2019-10-02T13:00:00.000Z",
    "id": 250,
    "mainImg": "https://bookus.kr.object.ncloudstorage.com/550",
    "place": "서울특별시 종로구 종로 1길 50. 더케이트윈타워 A동 11층 (마이크로소프트)",
    "placeDesc": "주차지원은 어려우니 대중교통을 이용해주세요.",
    "startAt": "2019-10-02T10:00:00.000Z",
    "title": "AutoML Hands On Lab on Azure - 광화문 AI",
    "userId": 2,
  },
  Object {
    "address": "승방4길 30",
    "endAt": "2019-10-02T06:30:00.000Z",
    "id": 262,
    "mainImg": "https://bookus.kr.object.ncloudstorage.com/576",
    "place": "ㅅㄷㄴㅅ",
    "placeDesc": "ㄷㅅ",
    "startAt": "2019-10-02T01:30:00.000Z",
    "title": "ㅅㄷㄴㅅ",
    "userId": 2,
  },
  Object {
    "address": "서울특별시 서대문구 연희로2길 62",
    "endAt": "2019-10-01T10:00:00.000Z",
    "id": 252,
    "mainImg": "https://bookus.kr.object.ncloudstorage.com/552",
    "place": "한빛미디어 이벤트홀(B1)",
    "placeDesc": "주차는 지원되지 않습니다.",
    "startAt": "2019-10-01T04:00:00.000Z",
    "title": "데브옵스의 날",
    "userId": 2,
  },
  Object {
    "address": "서울 종로구 이화동 이화장길 86-11 ",
    "endAt": "2019-09-28T09:30:00.000Z",
    "id": 163,
    "mainImg": "https://bookus.kr.object.ncloudstorage.com/376",
    "place": "혜윰 창작실",
    "placeDesc": "주차는 지원되지 않으니 대중교통을 이용해주시기 바랍니다.",
    "startAt": "2019-09-28T03:30:00.000Z",
    "title": "Gulp for Beginners",
    "userId": 2,
  },
  Object {
    "address": "서울특별시 송파구 잠실6동 송파대로 570 쿠팡",
    "endAt": "2019-09-22T09:00:00.000Z",
    "id": 202,
    "mainImg": "https://bookus.kr.object.ncloudstorage.com/448",
    "place": "쿠팡 17층",
    "placeDesc": "",
    "startAt": "2019-09-22T04:00:00.000Z",
    "title": "Android Studio Build Talk",
    "userId": 2,
  },
  Object {
    "address": "서울특별시 강남구 테헤란로  201",
    "endAt": "2019-09-18T12:00:00.000Z",
    "id": 215,
    "mainImg": "https://bookus.kr.object.ncloudstorage.com/474",
    "place": "스파크 플러스 역삼점 - 아주빌딩 2층",
    "placeDesc": "주차는 제공되지 않으니 대중교통 이용부탁드립니다.",
    "startAt": "2019-09-18T10:00:00.000Z",
    "title": "[시즌2 최종] 데이터 사이언스 미트업 - 2019년 9월 모임입니다.",
    "userId": 2,
  },
  Object {
    "address": "서울특별시 강남구 언주로 710 성암빌딩",
    "endAt": "2019-10-14T09:00:00.000Z",
    "id": 230,
    "mainImg": "https://bookus.kr.object.ncloudstorage.com/523",
    "place": "서울특별시 강남구 언주로 710 성암빌딩, Kipfa 1강의실",
    "placeDesc": "",
    "startAt": "2019-09-10T23:00:00.000Z",
    "title": "2019 Autodesk 세미나 ",
    "userId": 2,
  },
  Object {
    "address": "서울특별시 강남구 역삼동",
    "endAt": "2019-09-10T16:00:00.000Z",
    "id": 229,
    "mainImg": "https://bookus.kr.object.ncloudstorage.com/522",
    "place": "대화역 역사",
    "placeDesc": "",
    "startAt": "2019-09-10T15:00:00.000Z",
    "title": "대화모임",
    "userId": 2,
  },
  Object {
    "address": "서울특별시 강남구 강남대로 382 메리츠타워 16층",
    "endAt": "2019-09-06T13:00:00.000Z",
    "id": 196,
    "mainImg": "https://bookus.kr.object.ncloudstorage.com/440",
    "place": "D2 Startup Factory",
    "placeDesc": "주차는 지원하지 않습니다. 교통이 번잡하오니 가급적 대중교통을 이용해주시고, 부득이 주차장을 이용하셔야 하는 경우, 메리츠타워 유료 지하주자장을 이용해주시길 바랍니다. (주차 요금 : 최소 30분 3,000원, 10분당 1,000원, 일주차 : 최대 40,000원, 현금 결제만 가능/운영 시간 : 평 일 – 06:00 ~ 24:00, 주말 및 공휴일 – 08:00 ~ 23:00(입차가능시간 : 06:00 ~ 22:00))",
    "startAt": "2019-09-06T09:00:00.000Z",
    "title": "🚪쇼룸: 쇼핑 개발자를 부탁해🙌",
    "userId": 2,
  },
  Object {
    "address": "서울 중구 다동 155",
    "endAt": "2019-09-09T05:00:00.000Z",
    "id": 199,
    "mainImg": "https://bookus.kr.object.ncloudstorage.com/443",
    "place": "시청역 스파크플러스",
    "placeDesc": "스파크플러스 시청점",
    "startAt": "2019-09-02T10:00:00.000Z",
    "title": "SK Data Analyst 와 함께하는 데이터 사이언스 입문 교육 & 프로젝트",
    "userId": 2,
  },
  Object {
    "address": "서울특별시 강남구 테헤란로4길 14, 미림타워 14층 당근마켓",
    "endAt": "2019-08-29T12:30:00.000Z",
    "id": 216,
    "mainImg": "https://bookus.kr.object.ncloudstorage.com/477",
    "place": "당근마켓 라운지",
    "placeDesc": "주차 지원은 불가능 합니다.",
    "startAt": "2019-08-29T10:30:00.000Z",
    "title": "당근마켓 개발자 채용 회사소개 오픈세션",
    "userId": 2,
  },
  Object {
    "address": "서울특별시 강남구 강남대로 382",
    "endAt": "2019-08-20T13:00:00.000Z",
    "id": 190,
    "mainImg": "https://bookus.kr.object.ncloudstorage.com/428",
    "place": "NAVER D2 Startup Factory",
    "placeDesc": "16층 Naver D2 Startup factory",
    "startAt": "2019-08-20T10:00:00.000Z",
    "title": "🍕🐓NAVER GLACE Dev Meetup👨‍💻👩‍💻 #Day1",
    "userId": 2,
  },
  Object {
    "address": "테헤란로311",
    "endAt": "2019-08-15T16:00:00.000Z",
    "id": 191,
    "mainImg": "https://bookus.kr.object.ncloudstorage.com/430",
    "place": "컨퍼런스홀",
    "placeDesc": "",
    "startAt": "2019-08-11T15:00:00.000Z",
    "title": "테스트",
    "userId": 2,
  },
  Object {
    "address": "경기도 성남시 분당구 판교역로 235 에이치스퀘어 엔동",
    "endAt": "2019-07-31T12:30:00.000Z",
    "id": 177,
    "mainImg": "https://bookus.kr.object.ncloudstorage.com/399",
    "place": "카카오 판교오피스 7층 스위치온 A",
    "placeDesc": "주차는 따로 지원하지 않습니다. 양해 부탁드립니다.",
    "startAt": "2019-07-31T10:00:00.000Z",
    "title": "클라우드 & 게임 개발자 모임: 맥주x피자와 함께 하는 커뮤니티 벙개!",
    "userId": 2,
  },
  Object {
    "address": "서울 강남구 대치동 889-41",
    "endAt": "2019-07-30T10:00:00.000Z",
    "id": 174,
    "mainImg": "https://bookus.kr.object.ncloudstorage.com/396",
    "place": "위워크 선릉 3호점 13층 세미나실",
    "placeDesc": "주차는 지원하지 않습니다.",
    "startAt": "2019-07-30T08:00:00.000Z",
    "title": "회사와 제품의 진짜 KPI, North Star Metric",
    "userId": 2,
  },
  Object {
    "address": "서울특별시 서초구 강남대로 327 대륭서초타워",
    "endAt": "2019-07-25T13:00:00.000Z",
    "id": 165,
    "mainImg": "https://bookus.kr.object.ncloudstorage.com/378",
    "place": "스파크플러스 (대륭서초타워 16층)",
    "placeDesc": "",
    "startAt": "2019-07-25T10:00:00.000Z",
    "title": "Data Playground at 7: 여행과 크로스셀링",
    "userId": 2,
  },
  Object {
    "address": "서울특별시 강남구 봉은사로81길 15",
    "endAt": "2019-07-20T08:00:00.000Z",
    "id": 168,
    "mainImg": "https://bookus.kr.object.ncloudstorage.com/383",
    "place": "11테라스(9호선 삼성중앙역 4번 출구)",
    "placeDesc": "주차는 지원되지 않습니다. / 9호선 삼성중앙역 4번출구에서 5분거리 /  9호선 급행정차역(봉은사역, 선정릉역에서도보가능), 7호선 청담역에서 도보 가능 / 2호선에서는 접근성이 떨어짐",
    "startAt": "2019-07-20T04:00:00.000Z",
    "title": "[강화학습HandsOn] 딥리워드 101 : 7월",
    "userId": 2,
  },
  Object {
    "address": "성동구 서울숲4길 9 1층 무드랩",
    "endAt": "2019-08-09T15:00:00.000Z",
    "id": 167,
    "mainImg": "https://bookus.kr.object.ncloudstorage.com/381",
    "place": "무드랩",
    "placeDesc": "적당한 주차 공간이 없어 대중 교통 이용을 추천드립니다.",
    "startAt": "2019-07-07T15:00:00.000Z",
    "title": "나를 표현하는 향 만들기 : 원데이 클래스",
    "userId": 2,
  },
  Object {
    "address": "서울특별시 강남구 영동대로 417",
    "endAt": "2019-07-06T09:00:00.000Z",
    "id": 155,
    "mainImg": "https://bookus.kr.object.ncloudstorage.com/345",
    "place": "Google for Startup Campus Seoul 메인 이벤트홀",
    "placeDesc": "참가자분들을 위한 주차지원은 되지 않으며, 가급적 대중교통 이용을 부탁드립니다.",
    "startAt": "2019-07-06T04:00:00.000Z",
    "title": "슬기로운 인턴생활 by GDG Campus Korea X For.D",
    "userId": 2,
  },
  Object {
    "address": "서울특별시 서대문구 신촌동 연희로2길 62",
    "endAt": "2019-06-29T08:00:00.000Z",
    "id": 149,
    "mainImg": "https://bookus.kr.object.ncloudstorage.com/327",
    "place": "한빛빌딩 A동 2층 L40",
    "placeDesc": "주차지원이 불가 함으로 대중교통을 이용 바랍니다.",
    "startAt": "2019-06-29T04:30:00.000Z",
    "title": "우분투한국커뮤니티 2019년 상반기 서울지역 세미나",
    "userId": 2,
  },
  Object {
    "address": "서울특별시 강남구 테헤란로 415 L7 HOTEL 강남타워",
    "endAt": "2019-06-19T12:00:00.000Z",
    "id": 141,
    "mainImg": "https://bookus.kr.object.ncloudstorage.com/305",
    "place": "스파크플러스 선릉점",
    "placeDesc": "주차는 제공되지 않으니 대중교통 이용부탁드립니다.",
    "startAt": "2019-06-19T10:00:00.000Z",
    "title": "데이터 사이언스 미트업 - 2019년 6월 모임입니다.",
    "userId": 2,
  },
  Object {
    "address": "태봉로 151 ",
    "endAt": "2019-06-12T16:00:00.000Z",
    "id": 151,
    "mainImg": "https://bookus.kr.object.ncloudstorage.com/331",
    "place": "11",
    "placeDesc": "11",
    "startAt": "2019-06-11T15:00:00.000Z",
    "title": "ㅁㅇㄴㄹ",
    "userId": 2,
  },
  Object {
    "address": "서울특별시 서초구 서초대로77길 54",
    "endAt": "2019-05-31T12:30:00.000Z",
    "id": 144,
    "mainImg": "https://bookus.kr.object.ncloudstorage.com/309",
    "place": "하이디라오 서초지점",
    "placeDesc": "개맛있으니까 늦지마세요",
    "startAt": "2019-05-31T10:00:00.000Z",
    "title": "하이디라오 도삭댄스 공연 관람",
    "userId": 2,
  },
  Object {
    "address": "서울시 영등포구 국제금융로8길 16 9층",
    "endAt": "2019-05-30T13:00:00.000Z",
    "id": 136,
    "mainImg": "https://bookus.kr.object.ncloudstorage.com/294",
    "place": "뱅크샐러드",
    "placeDesc": "",
    "startAt": "2019-05-30T10:00:00.000Z",
    "title": "Data playground at 7: 데이터와 함께하는 슬기로운 금융생활",
    "userId": 2,
  },
  Object {
    "address": "논현로 85길 46",
    "endAt": "2019-05-28T13:00:00.000Z",
    "id": 140,
    "mainImg": "https://bookus.kr.object.ncloudstorage.com/301",
    "place": "메가존클라우드 지하1층 대강연장",
    "placeDesc": "",
    "startAt": "2019-05-28T11:00:00.000Z",
    "title": "[WTD Seoul Meetup] 테크니컬 라이팅",
    "userId": 2,
  },
  Object {
    "address": "서울특별시 테헤란로 127",
    "endAt": "2019-05-19T02:00:00.000Z",
    "id": 130,
    "mainImg": "https://bookus.kr.object.ncloudstorage.com/281",
    "place": "서울특별시 테헤란로 127 4층 스포카 사무실",
    "placeDesc": "주차는 지원되지 않습니다.",
    "startAt": "2019-05-18T04:30:00.000Z",
    "title": "제 1회 스포카 해커톤: ㅁㅆㅁㅌ",
    "userId": 2,
  },
  Object {
    "address": "서울시 강남구 논현로 508",
    "endAt": "2019-05-14T12:30:00.000Z",
    "id": 124,
    "mainImg": "https://bookus.kr.object.ncloudstorage.com/267",
    "place": "GS Tower 12층",
    "placeDesc": "주차는 별도로 지원하지 않습니다. 대중교통을 권장합니다.",
    "startAt": "2019-05-14T10:00:00.000Z",
    "title": "CircleCI 엔지니어와 함께하는 CircleCI Korea User Group 첫번째 모임!",
    "userId": 2,
  },
  Object {
    "address": "삼평동",
    "endAt": "2019-04-14T09:00:00.000Z",
    "id": 117,
    "mainImg": "https://bookus.kr.object.ncloudstorage.com/253",
    "place": "(인원확정시 안내)",
    "placeDesc": "",
    "startAt": "2019-04-14T03:00:00.000Z",
    "title": "프로토파이 입문",
    "userId": 2,
  },
  Object {
    "address": "서울 강남구 역삼로 180 마루180",
    "endAt": "2019-04-03T13:00:00.000Z",
    "id": 109,
    "mainImg": "https://bookus.kr.object.ncloudstorage.com/235",
    "place": "마루 180",
    "placeDesc": "",
    "startAt": "2019-04-03T10:00:00.000Z",
    "title": "Tensorflow Dev Summit 2019 Extended Seoul",
    "userId": 2,
  },
  Object {
    "address": "서울특별시 종로구 종로1길 50",
    "endAt": "2019-03-30T09:00:00.000Z",
    "id": 99,
    "mainImg": "https://bookus.kr.object.ncloudstorage.com/209",
    "place": "한국마이크로소프트",
    "placeDesc": "더케이트윈타워 A동 11층입니다 (주차는 따로 지원하지 않습니다)",
    "startAt": "2019-03-30T04:00:00.000Z",
    "title": "Azure DevOps Community Launch",
    "userId": 2,
  },
  Object {
    "address": "서울 서대문구 연희로2길 62",
    "endAt": "2019-03-16T09:00:00.000Z",
    "id": 100,
    "mainImg": "https://bookus.kr.object.ncloudstorage.com/212",
    "place": "한빛미디어 리더스홀",
    "placeDesc": "  ",
    "startAt": "2019-03-16T04:00:00.000Z",
    "title": "프론트엔드와 무관합니다만,",
    "userId": 2,
  },
  Object {
    "address": "서울특별시 강남구 역삼동 679-5",
    "endAt": "2018-12-20T12:00:00.000Z",
    "id": 81,
    "mainImg": "https://bookus.kr.object.ncloudstorage.com/167",
    "place": "역삼역 아주빌딩 2층 스파크플러스",
    "placeDesc": "주차는 지원되지 않습니다.",
    "startAt": "2018-12-20T10:00:00.000Z",
    "title": "데이터 과학자들의 12월 모임입니다.",
    "userId": 2,
  },
  Object {
    "address": "서울특별시 마포구 신촌로 10길 7 (지하 1층)",
    "endAt": "2018-11-28T12:00:00.000Z",
    "id": 79,
    "mainImg": "https://bookus.kr.object.ncloudstorage.com/146",
    "place": "긱 라이브 하우스",
    "placeDesc": "신촌 긱 라이브하우스 : 서울특별시 마포구 신촌로 10길 7 지하 1층",
    "startAt": "2018-11-28T10:00:00.000Z",
    "title": "MESS ME? : 서강대학교 공연음악동아리 메시지 제 22회 정기공연",
    "userId": 2,
  },
  Object {
    "address": "대한민국 부산광역시 해운대구 우2동 APEC로 55",
    "endAt": "2018-11-24T10:00:00.000Z",
    "id": 76,
    "mainImg": "https://bookus.kr.object.ncloudstorage.com/119",
    "place": "벡스코 2층 컨퍼런스홀 203,204호",
    "placeDesc": "주차는 유료주차장이 이용가능합니다. 혼잡할수 있으니 대중교통 이용부탁드립니다.",
    "startAt": "2018-11-24T03:00:00.000Z",
    "title": "GDG Devfest Busan 2018",
    "userId": 2,
  },
  Object {
    "address": "경기 성남시 분당구 판교역로 235 에이치스퀘어 N동 7층",
    "endAt": "2018-11-23T13:00:00.000Z",
    "id": 78,
    "mainImg": "https://bookus.kr.object.ncloudstorage.com/136",
    "place": "판교 H스퀘어 N동 7층 카카오 스위치온",
    "placeDesc": "판교역 도보 10분정도 걸리며, 주차권은 따로 제공되지 않습니다. 가급적 대중교통을 이용해주세요.",
    "startAt": "2018-11-23T10:00:00.000Z",
    "title": "DevFest Pangyo 2018 : AI FOR EVERYONE",
    "userId": 2,
  },
  Object {
    "address": "대한민국 서울특별시 송파구 잠실6동 29",
    "endAt": "2018-11-03T09:00:00.000Z",
    "id": 64,
    "mainImg": "https://bookus.kr.object.ncloudstorage.com/90",
    "place": "롯데타워 31층 SKY 31 컨벤션 / 서울시 송파구 올림픽로 300",
    "placeDesc": "롯데월드타워 1F EAST GATE  (https://www.lwt.co.kr/sky31/ko/customer/info/skyMap.do 참고)",
    "startAt": "2018-11-03T01:00:00.000Z",
    "title": "FEConf 2018",
    "userId": 2,
  },
  Object {
    "address": "대한민국 서울특별시 강남구 역삼동 702-10",
    "endAt": "2018-10-23T12:30:00.000Z",
    "id": 72,
    "mainImg": "https://bookus.kr.object.ncloudstorage.com/113",
    "place": "KOSSLab 7층 대강의장",
    "placeDesc": "주차가 제공되지 않습니다.",
    "startAt": "2018-10-23T10:00:00.000Z",
    "title": "TypeScript Korea Meetup 2018-2",
    "userId": 2,
  },
  Object {
    "address": "대한민국 서울특별시 강남구 삼성1동 영동대로 513",
    "endAt": "2018-10-14T09:00:00.000Z",
    "id": 69,
    "mainImg": "https://bookus.kr.object.ncloudstorage.com/104",
    "place": "삼성역 코엑스 그랜드볼룸 101, 102, 103",
    "placeDesc": "코엑스 건물 1층에 위치한 그랜드볼룸 101, 102, 103호 입니다.",
    "startAt": "2018-10-14T01:00:00.000Z",
    "title": "Google Next Extended Seoul 2018",
    "userId": 2,
  },
  Object {
    "address": "대한민국 서울특별시 강남구 역삼1동 역삼로 180",
    "endAt": "2018-09-17T13:30:00.000Z",
    "id": 61,
    "mainImg": "https://bookus.kr.object.ncloudstorage.com/81",
    "place": "마루 180",
    "placeDesc": "",
    "startAt": "2018-09-17T11:00:00.000Z",
    "title": "Chrome Dev Meetup #2",
    "userId": 2,
  },
  Object {
    "address": "대한민국 서울특별시 강남구 역삼동 702-10",
    "endAt": "2018-09-15T08:30:00.000Z",
    "id": 49,
    "mainImg": "https://bookus.kr.object.ncloudstorage.com/67",
    "place": "KossLab 대회의실",
    "placeDesc": "아남타워빌딩 7층",
    "startAt": "2018-09-15T04:00:00.000Z",
    "title": "우분투한국커뮤니티 9월 서울지역 세미나",
    "userId": 2,
  },
  Object {
    "address": "대한민국 서울특별시 강남구 역삼동 강남대로84길 24-4",
    "endAt": "2018-09-15T09:00:00.000Z",
    "id": 60,
    "mainImg": "https://bookus.kr.object.ncloudstorage.com/80",
    "place": "강남 토즈타워점 (강남역 3번 출구)",
    "placeDesc": "",
    "startAt": "2018-09-15T04:00:00.000Z",
    "title": "Saturday Azure Live! 1809",
    "userId": 2,
  },
  Object {
    "address": "대한민국 서울특별시 종로구 동숭동 대학로 116",
    "endAt": "2018-09-08T03:30:00.000Z",
    "id": 57,
    "mainImg": "https://bookus.kr.object.ncloudstorage.com/77",
    "place": "서울시 종로구 대학로 116, 공공일호 5층 001라운지",
    "placeDesc": "주차는 인근 주차장에 가능합니다.",
    "startAt": "2018-09-08T02:00:00.000Z",
    "title": "공공살롱  [서울, 근현대 역사 도심 속을 걷다]",
    "userId": 2,
  },
  Object {
    "address": "서울특별시 서초구 강남대로 441 토즈 강남 1호점",
    "endAt": "2018-10-24T12:00:00.000Z",
    "id": 59,
    "mainImg": "https://bookus.kr.object.ncloudstorage.com/79",
    "place": "토즈 강남 1호점",
    "placeDesc": "",
    "startAt": "2018-09-06T10:00:00.000Z",
    "title": "Let's Drive WebGL",
    "userId": 2,
  },
  Object {
    "address": "대한민국 서울특별시 강남구 삼성1동 영동대로 513",
    "endAt": "2018-10-31T06:00:00.000Z",
    "id": 47,
    "mainImg": "https://bookus.kr.object.ncloudstorage.com/65",
    "place": "코엑스",
    "placeDesc": "상기 일정 및 장소는 변경될 수 있습니다.",
    "startAt": "2018-08-16T06:00:00.000Z",
    "title": "2018 공개SW 컨트리뷰톤",
    "userId": 2,
  },
  Object {
    "address": "서울시 강남구 테헤란로 311 아남타워빌딩 7층",
    "endAt": "2018-07-27T13:00:00.000Z",
    "id": 34,
    "mainImg": "https://bookus.kr.object.ncloudstorage.com/49",
    "place": "KossLab",
    "placeDesc": "아남타워빌딩 7층",
    "startAt": "2018-07-27T10:00:00.000Z",
    "title": "Seoul.js Lightning Talk",
    "userId": 2,
  },
  Object {
    "address": "서울특별시 강남구 테헤란로70길 12 2층",
    "endAt": "2018-07-27T13:00:00.000Z",
    "id": 35,
    "mainImg": "https://bookus.kr.object.ncloudstorage.com/50",
    "place": "클라우드비어파크",
    "placeDesc": "네이버지도 URL: http://naver.me/xTrNdN5W",
    "startAt": "2018-07-27T10:00:00.000Z",
    "title": "OpenStack 8th Birthday Celebration Party with K8s!",
    "userId": 2,
  },
  Object {
    "address": "경기도 부천시 삼정동 삼작로 53, Bucheon-si, kr",
    "endAt": "2018-07-22T07:00:00.000Z",
    "id": 38,
    "mainImg": "https://bookus.kr.object.ncloudstorage.com/53",
    "place": "부천 아트 벙커B39",
    "placeDesc": "",
    "startAt": "2018-07-22T04:00:00.000Z",
    "title": "Google I/O Extended 2018 Gwangmyeong",
    "userId": 2,
  },
  Object {
    "address": "서울시 용산구 대사관로35 사운즈한남",
    "endAt": "2018-07-21T08:30:00.000Z",
    "id": 40,
    "mainImg": "https://bookus.kr.object.ncloudstorage.com/57",
    "place": "스틸북스 4층",
    "placeDesc": "사운즈한남 지하 주차장 이용 시 최초 30분의 주차 요금 3,000원이 발생하며, 이후 60분에 대해서는 무료 주차권이 지급됩니다.",
    "startAt": "2018-07-21T07:00:00.000Z",
    "title": "가장 일본적인 서비스의 재해석, 호시노야",
    "userId": 2,
  },
  Object {
    "address": "서울시 용산구 대사관로35 사운즈한남",
    "endAt": "2018-07-18T12:30:00.000Z",
    "id": 37,
    "mainImg": "https://bookus.kr.object.ncloudstorage.com/52",
    "place": "스틸북스 4층",
    "placeDesc": "",
    "startAt": "2018-07-18T11:00:00.000Z",
    "title": "페미니즘을 초등학교 교실에",
    "userId": 2,
  },
  Object {
    "address": "서울시 용산구 대사관로35 사운즈한남",
    "endAt": "2018-07-11T12:30:00.000Z",
    "id": 31,
    "mainImg": "https://bookus.kr.object.ncloudstorage.com/46",
    "place": "스틸북스 4층",
    "placeDesc": "",
    "startAt": "2018-07-11T11:00:00.000Z",
    "title": "양성평등에 반대한다",
    "userId": 2,
  },
  Object {
    "address": "서울특별시 서초구 강남대로 441 (서초동, 서산빌딩) 9층",
    "endAt": "2018-06-30T09:00:00.000Z",
    "id": 26,
    "mainImg": "https://bookus.kr.object.ncloudstorage.com/39",
    "place": "토즈 강남컨퍼런스",
    "placeDesc": "",
    "startAt": "2018-06-30T04:00:00.000Z",
    "title": "Saturday Azure Live! 1806",
    "userId": 2,
  },
  Object {
    "address": "서울특별시 강남구 봉은사로 524 코엑스",
    "endAt": "2018-06-29T09:00:00.000Z",
    "id": 27,
    "mainImg": "https://bookus.kr.object.ncloudstorage.com/41",
    "place": "COEX 3층 컨퍼런스룸E (구 Hall E)",
    "placeDesc": "",
    "startAt": "2018-06-28T00:00:00.000Z",
    "title": "OpenInfra Days Korea 2018",
    "userId": 2,
  },
  Object {
    "address": "서울특별시 광진구 능동로 209",
    "endAt": "2018-06-10T08:00:00.000Z",
    "id": 19,
    "mainImg": "https://bookus.kr.object.ncloudstorage.com/31",
    "place": "세종대학교 광개토관 컨벤션홀 (B2)",
    "placeDesc": "",
    "startAt": "2018-06-10T02:00:00.000Z",
    "title": "Google I/O Extended 2018 Seoul",
    "userId": 2,
  },
  Object {
    "address": "서울시 강남구 역삼로 180",
    "endAt": "2018-06-03T08:30:00.000Z",
    "id": 22,
    "mainImg": "https://bookus.kr.object.ncloudstorage.com/34",
    "place": "마루 180 지하 1층 이벤트홀",
    "placeDesc": "",
    "startAt": "2018-06-03T05:30:00.000Z",
    "title": "GDG Campus Korea 6월 Meetup: 디자이너와 개발자, 그 둘의 소통",
    "userId": 2,
  },
  Object {
    "address": "서울특별시 종로구 중학동 19 더케이트윈타워 A동 11층",
    "endAt": "2018-05-26T09:00:00.000Z",
    "id": 18,
    "mainImg": "https://bookus.kr.object.ncloudstorage.com/29",
    "place": "한국 마이크로소프트",
    "placeDesc": "",
    "startAt": "2018-05-26T03:00:00.000Z",
    "title": "MeltingCon 2018 :개발자가 상팔자",
    "userId": 2,
  },
  Object {
    "address": "서울시 강남구 강남대로 62길 23 4층 코드스쿼드",
    "endAt": "2018-05-23T13:00:00.000Z",
    "id": 20,
    "mainImg": "https://bookus.kr.object.ncloudstorage.com/32",
    "place": "코드스쿼드",
    "placeDesc": "",
    "startAt": "2018-05-23T09:30:00.000Z",
    "title": "코드스쿼드 마스터즈 코스 레벨 1 오프라인 스터디",
    "userId": 2,
  },
  Object {
    "address": "서울특별시 마포구 합정동 426-16",
    "endAt": "2018-04-28T08:00:00.000Z",
    "id": 15,
    "mainImg": "https://bookus.kr.object.ncloudstorage.com/26",
    "place": "취향관",
    "placeDesc": "",
    "startAt": "2018-04-28T05:00:00.000Z",
    "title": "디자이너의 취향",
    "userId": 2,
  },
  Object {
    "address": "서울특별시 강남구 역삼동 683-34",
    "endAt": "2018-04-28T08:30:00.000Z",
    "id": 9,
    "mainImg": "https://bookus.kr.object.ncloudstorage.com/19",
    "place": "D.CAMP 6층 다목적홀",
    "placeDesc": "(http://naver.me/GNj5OQ24)",
    "startAt": "2018-04-28T03:40:00.000Z",
    "title": "Ubuntu 18.04 LTS Release Party",
    "userId": 2,
  },
  Object {
    "address": "서울특별시 강남구 영동대로 511 트레이드 타워",
    "endAt": "2018-04-22T09:00:00.000Z",
    "id": 3,
    "mainImg": "https://bookus.kr.object.ncloudstorage.com/11",
    "place": "코엑스 컨퍼런스룸 401호, 402호",
    "placeDesc": "",
    "startAt": "2018-04-22T00:00:00.000Z",
    "title": "DroidKnights",
    "userId": 2,
  },
  Object {
    "address": "경기 성남시 수정구 대왕판교로 815 판교창조경제밸리 기업지원허브 2층 대형 스튜디오 페이스북 이노베이션 랩",
    "endAt": "2018-04-13T12:30:00.000Z",
    "id": 10,
    "mainImg": "https://bookus.kr.object.ncloudstorage.com/20",
    "place": "페이스북 이노베이션 랩",
    "placeDesc": "대중교통 이용시 가까운 버스 정류장인 ‘서울기록관.코이카’에서 하차하시면 됩니다. (http://naver.me/5j2XeXyf)",
    "startAt": "2018-04-13T10:30:00.000Z",
    "title": "Hello! New face ; 11회 정기모임 @판교 페이스북 이노베이션랩",
    "userId": 2,
  },
  Object {
    "address": "서울특별시 강남구 강남대로 382 메리츠타워 16층",
    "endAt": "2018-03-31T09:00:00.000Z",
    "id": 6,
    "mainImg": "https://bookus.kr.object.ncloudstorage.com/15",
    "place": "NAVER D2 STARTUP FACTORY",
    "placeDesc": "",
    "startAt": "2018-03-31T04:00:00.000Z",
    "title": "데비안 패키징 워크샵",
    "userId": 2,
  },
  Object {
    "address": "서울특별시 서초구 서초4동 강남대로 441",
    "endAt": "2018-03-24T09:00:00.000Z",
    "id": 5,
    "mainImg": "https://bookus.kr.object.ncloudstorage.com/14",
    "place": "토즈 강남컨퍼런스센터 강남점",
    "placeDesc": "",
    "startAt": "2018-03-24T04:00:00.000Z",
    "title": "Saturday Azure Live! 1803",
    "userId": 2,
  },
  Object {
    "address": "서울특별시 강남구 역삼동 736-40 아름다운 빌딩 6층 <복합문화공간 위플레이스>",
    "endAt": "2018-03-09T12:30:00.000Z",
    "id": 2,
    "mainImg": "https://bookus.kr.object.ncloudstorage.com/10",
    "place": "역삼역 위플레이스 다목적홀",
    "placeDesc": "",
    "startAt": "2018-03-09T10:30:00.000Z",
    "title": "LTNS, 9XD! ; 10회 모임 @ZOYI Corporation",
    "userId": 2,
  },
  Object {
    "address": "대한민국 서울특별시 강남구 삼성1동 영동대로 513",
    "endAt": "2018-01-01T16:00:00.000Z",
    "id": 66,
    "mainImg": "https://bookus.kr.object.ncloudstorage.com/98",
    "place": "삼성역 코엑스 그랜드볼룸 101,102,103",
    "placeDesc": "코엑스 건물 1층에 위치한 그랜드볼룸 101,102,103 입니다.",
    "startAt": "2018-01-01T01:00:00.000Z",
    "title": "test2",
    "userId": 2,
  },
]
`;

exports[`Router GET /api/users/tickets 유저 데이터를 불러왔고, 데이터가 있을 경우 1`] = `
Object {
  "address": "서울특별시 강남구 역삼동 736-40 아름다운 빌딩 6층 <복합문화공간 위플레이스>",
  "endAt": "2018-03-09T12:30:00.000Z",
  "id": 2,
  "mainImg": "https://bookus.kr.object.ncloudstorage.com/10",
  "place": "역삼역 위플레이스 다목적홀",
  "placeDesc": "",
  "startAt": "2018-03-09T10:30:00.000Z",
  "ticket": Object {
    "desc": "",
    "eventId": 2,
    "id": 2,
    "isPublicLeftCnt": false,
    "leftCnt": 10,
    "maxCntPerPerson": 1,
    "name": "선착순 (참가확정)",
    "price": 0,
    "quantity": 30,
    "refundEndAt": "2200-03-06T10:30:00.000Z",
    "salesEndAt": "2200-03-06T10:30:00.000Z",
    "salesStartAt": "2018-03-02T06:00:00.000Z",
  },
  "title": "LTNS, 9XD! ; 10회 모임 @ZOYI Corporation",
  "userId": 2,
}
`;

exports[`Router GET /api/users/tickets 유저 데이터를 불러왔고, 데이터가 있을 경우 2`] = `
Object {
  "id": 1,
  "isAttendance": true,
  "ticketTypeId": 2,
  "userId": 2,
}
`;
