// Jest Snapshot v1, https://goo.gl/fbAQLP

exports[`Router GET /api/users/tickets 유저 데이터를 불러왔고, 데이터가 있을 경우 1`] = `
Object {
  "address": "서울특별시 강남구 역삼동 736-40 아름다운 빌딩 6층 <복합문화공간 위플레이스>",
  "endAt": "2018-03-09T12:30:00.000Z",
  "id": 2,
  "mainImg": "https://bookus.kr.object.ncloudstorage.com/10",
  "place": "역삼역 위플레이스 다목적홀",
  "placeDesc": "",
  "startAt": "2018-03-09T10:30:00.000Z",
  "ticket": Object {
    "desc": "",
    "eventId": 2,
    "id": 2,
    "isPublicLeftCnt": false,
    "leftCnt": 10,
    "maxCntPerPerson": 1,
    "name": "선착순 (참가확정)",
    "price": 0,
    "quantity": 30,
    "refundEndAt": "2200-03-06T10:30:00.000Z",
    "salesEndAt": "2200-03-06T10:30:00.000Z",
    "salesStartAt": "2018-03-02T06:00:00.000Z",
  },
  "title": "LTNS, 9XD! ; 10회 모임 @ZOYI Corporation",
  "userId": 2,
}
`;

exports[`Router GET /api/users/tickets 유저 데이터를 불러왔고, 데이터가 있을 경우 2`] = `
Object {
  "id": 1,
  "isAttendance": true,
  "ticketTypeId": 2,
  "userId": 2,
}
`;
