// Jest Snapshot v1, https://goo.gl/fbAQLP

exports[`Atom / LNBItem [SNAPSHOT] 렌더링 1`] = `
.c0 {
  border-bottom: 0.3rem solid;
  padding: 2rem;
  font-weight: bold;
  -webkit-transition: background-color ease 0.2s;
  transition: background-color ease 0.2s;
  -webkit-user-select: none;
  -moz-user-select: none;
  -ms-user-select: none;
  user-select: none;
  cursor: pointer;
  -webkit-flex: 1 1 0;
  -ms-flex: 1 1 0;
  flex: 1 1 0;
  text-align: center;
}

<LNBItem
  active={true}
>
  <styled.div
    active={true}
    onClick={[Function]}
  >
    <StyledComponent
      active={true}
      forwardedComponent={
        Object {
          "$$typeof": Symbol(react.forward_ref),
          "attrs": Array [],
          "componentStyle": ComponentStyle {
            "componentId": "sc-bdVaJa",
            "isStatic": false,
            "lastClassName": "c0",
            "rules": Array [
              "
  ",
              [Function],
              ";
  border-bottom: 0.3rem solid
    ",
              [Function],
              ";
  color: ",
              [Function],
              ";
  padding: 2rem;
  font-weight: bold;
  transition: background-color ease 0.2s;
  user-select: none;
  cursor: pointer;
  flex: 1 1 0;
  text-align: center;

  &:hover {
    background-color: ",
              [Function],
              ";
  }
",
            ],
          },
          "displayName": "styled.div",
          "foldedComponentIds": Array [],
          "render": [Function],
          "styledComponentId": "sc-bdVaJa",
          "target": "div",
          "toString": [Function],
          "warnTooManyClasses": [Function],
          "withComponent": [Function],
        }
      }
      forwardedRef={null}
      onClick={[Function]}
    >
      <div
        className="c0"
        onClick={[Function]}
      >
        내 티켓
      </div>
    </StyledComponent>
  </styled.div>
</LNBItem>
`;
