// Jest Snapshot v1, https://goo.gl/fbAQLP

exports[`Atom / Img [SNAPSHOT] 렌더링 1`] = `
.c0 {
  width: inherit;
  height: inherit;
  object-fit: inherit;
}

<Img
  alt="main banner img"
  src="https://sprint.kr.object.ncloudstorage.com/tempimages/main-banner-1"
>
  <styled.img
    alt="main banner img"
    src="https://media.giphy.com/media/swhRkVYLJDrCE/source.gif"
  >
    <StyledComponent
      alt="main banner img"
      forwardedComponent={
        Object {
          "$$typeof": Symbol(react.forward_ref),
          "attrs": Array [],
          "componentStyle": ComponentStyle {
            "componentId": "sc-bdVaJa",
            "isStatic": false,
            "lastClassName": "c0",
            "rules": Array [
              "
  width: inherit;
  height: inherit;
  object-fit: inherit;
",
            ],
          },
          "displayName": "styled.img",
          "foldedComponentIds": Array [],
          "render": [Function],
          "styledComponentId": "sc-bdVaJa",
          "target": "img",
          "toString": [Function],
          "warnTooManyClasses": [Function],
          "withComponent": [Function],
        }
      }
      forwardedRef={[Function]}
      src="https://media.giphy.com/media/swhRkVYLJDrCE/source.gif"
    >
      <img
        alt="main banner img"
        className="c0"
        src="https://media.giphy.com/media/swhRkVYLJDrCE/source.gif"
      />
    </StyledComponent>
  </styled.img>
</Img>
`;
