// Jest Snapshot v1, https://goo.gl/fbAQLP

exports[`Molecules / StepList [SNAPSHOT] 렌더링 1`] = `
.c1 {
  font-weight: bold;
}

.c2 {
  font-weight: bold;
  padding: 0rem 2rem;
}

.c0 {
  display: -webkit-box;
  display: -webkit-flex;
  display: -ms-flexbox;
  display: flex;
  -webkit-flex-direction: row;
  -ms-flex-direction: row;
  flex-direction: row;
  -webkit-align-items: center;
  -webkit-box-align: center;
  -ms-flex-align: center;
  align-items: center;
}

<StepList
  pivot={1}
  steps={
    Array [
      "a",
      "b",
      "c",
    ]
  }
>
  <styled.div>
    <StyledComponent
      forwardedComponent={
        Object {
          "$$typeof": Symbol(react.forward_ref),
          "attrs": Array [],
          "componentStyle": ComponentStyle {
            "componentId": "sc-htpNat",
            "isStatic": false,
            "lastClassName": "c0",
            "rules": Array [
              "
  display: flex;
  flex-direction: row;
  align-items: center;
",
            ],
          },
          "displayName": "styled.div",
          "foldedComponentIds": Array [],
          "render": [Function],
          "styledComponentId": "sc-htpNat",
          "target": "div",
          "toString": [Function],
          "warnTooManyClasses": [Function],
          "withComponent": [Function],
        }
      }
      forwardedRef={null}
    >
      <div
        className="c0"
      >
        <div
          key="0"
        >
          <styled.span
            data-testid="steplist-step"
            highlight={true}
          >
            <StyledComponent
              data-testid="steplist-step"
              forwardedComponent={
                Object {
                  "$$typeof": Symbol(react.forward_ref),
                  "attrs": Array [],
                  "componentStyle": ComponentStyle {
                    "componentId": "sc-bdVaJa",
                    "isStatic": false,
                    "lastClassName": "c1",
                    "rules": Array [
                      "
  ",
                      "
  ",
                      [Function],
                      ";
  font-weight: bold;
  color: ",
                      [Function],
                      ";
",
                      ";
",
                    ],
                  },
                  "displayName": "styled.span",
                  "foldedComponentIds": Array [],
                  "render": [Function],
                  "styledComponentId": "sc-bdVaJa",
                  "target": "span",
                  "toString": [Function],
                  "warnTooManyClasses": [Function],
                  "withComponent": [Function],
                }
              }
              forwardedRef={null}
              highlight={true}
            >
              <span
                className="c1"
                data-testid="steplist-step"
              >
                1. a
              </span>
            </StyledComponent>
          </styled.span>
          <styled.span
            data-testid="steplist-step-arrow"
            highlight={false}
          >
            <StyledComponent
              data-testid="steplist-step-arrow"
              forwardedComponent={
                Object {
                  "$$typeof": Symbol(react.forward_ref),
                  "attrs": Array [],
                  "componentStyle": ComponentStyle {
                    "componentId": "sc-bwzfXH",
                    "isStatic": false,
                    "lastClassName": "c2",
                    "rules": Array [
                      "
  ",
                      "
  ",
                      [Function],
                      ";
  font-weight: bold;
  color: ",
                      [Function],
                      ";
",
                      ";
  padding: 0rem 2rem;
",
                    ],
                  },
                  "displayName": "styled.span",
                  "foldedComponentIds": Array [],
                  "render": [Function],
                  "styledComponentId": "sc-bwzfXH",
                  "target": "span",
                  "toString": [Function],
                  "warnTooManyClasses": [Function],
                  "withComponent": [Function],
                }
              }
              forwardedRef={null}
              highlight={false}
            >
              <span
                className="c2"
                data-testid="steplist-step-arrow"
              >
                &gt;
              </span>
            </StyledComponent>
          </styled.span>
        </div>
        <div
          key="1"
        >
          <styled.span
            data-testid="steplist-step"
            highlight={false}
          >
            <StyledComponent
              data-testid="steplist-step"
              forwardedComponent={
                Object {
                  "$$typeof": Symbol(react.forward_ref),
                  "attrs": Array [],
                  "componentStyle": ComponentStyle {
                    "componentId": "sc-bdVaJa",
                    "isStatic": false,
                    "lastClassName": "c1",
                    "rules": Array [
                      "
  ",
                      "
  ",
                      [Function],
                      ";
  font-weight: bold;
  color: ",
                      [Function],
                      ";
",
                      ";
",
                    ],
                  },
                  "displayName": "styled.span",
                  "foldedComponentIds": Array [],
                  "render": [Function],
                  "styledComponentId": "sc-bdVaJa",
                  "target": "span",
                  "toString": [Function],
                  "warnTooManyClasses": [Function],
                  "withComponent": [Function],
                }
              }
              forwardedRef={null}
              highlight={false}
            >
              <span
                className="c1"
                data-testid="steplist-step"
              >
                2. b
              </span>
            </StyledComponent>
          </styled.span>
          <styled.span
            data-testid="steplist-step-arrow"
            highlight={false}
          >
            <StyledComponent
              data-testid="steplist-step-arrow"
              forwardedComponent={
                Object {
                  "$$typeof": Symbol(react.forward_ref),
                  "attrs": Array [],
                  "componentStyle": ComponentStyle {
                    "componentId": "sc-bwzfXH",
                    "isStatic": false,
                    "lastClassName": "c2",
                    "rules": Array [
                      "
  ",
                      "
  ",
                      [Function],
                      ";
  font-weight: bold;
  color: ",
                      [Function],
                      ";
",
                      ";
  padding: 0rem 2rem;
",
                    ],
                  },
                  "displayName": "styled.span",
                  "foldedComponentIds": Array [],
                  "render": [Function],
                  "styledComponentId": "sc-bwzfXH",
                  "target": "span",
                  "toString": [Function],
                  "warnTooManyClasses": [Function],
                  "withComponent": [Function],
                }
              }
              forwardedRef={null}
              highlight={false}
            >
              <span
                className="c2"
                data-testid="steplist-step-arrow"
              >
                &gt;
              </span>
            </StyledComponent>
          </styled.span>
        </div>
        <div
          key="2"
        >
          <styled.span
            data-testid="steplist-step"
            highlight={false}
          >
            <StyledComponent
              data-testid="steplist-step"
              forwardedComponent={
                Object {
                  "$$typeof": Symbol(react.forward_ref),
                  "attrs": Array [],
                  "componentStyle": ComponentStyle {
                    "componentId": "sc-bdVaJa",
                    "isStatic": false,
                    "lastClassName": "c1",
                    "rules": Array [
                      "
  ",
                      "
  ",
                      [Function],
                      ";
  font-weight: bold;
  color: ",
                      [Function],
                      ";
",
                      ";
",
                    ],
                  },
                  "displayName": "styled.span",
                  "foldedComponentIds": Array [],
                  "render": [Function],
                  "styledComponentId": "sc-bdVaJa",
                  "target": "span",
                  "toString": [Function],
                  "warnTooManyClasses": [Function],
                  "withComponent": [Function],
                }
              }
              forwardedRef={null}
              highlight={false}
            >
              <span
                className="c1"
                data-testid="steplist-step"
              >
                3. c
              </span>
            </StyledComponent>
          </styled.span>
        </div>
      </div>
    </StyledComponent>
  </styled.div>
</StepList>
`;
