// Jest Snapshot v1, https://goo.gl/fbAQLP

exports[`Molecules / StepList [SNAPSHOT] 렌더링 1`] = `
.c1 {
  font-weight: bold;
}

.c2 {
  font-weight: bold;
  padding: 0rem 3rem;
}

.c0 {
  display: -webkit-box;
  display: -webkit-flex;
  display: -ms-flexbox;
  display: flex;
  -webkit-flex-direction: row;
  -ms-flex-direction: row;
  flex-direction: row;
  -webkit-align-items: center;
  -webkit-box-align: center;
  -ms-flex-align: center;
  align-items: center;
}

<StepList
  pivot={1}
  steps={
    Array [
      "a",
      "b",
      "c",
    ]
  }
>
  <styled.div>
    <StyledComponent
      forwardedComponent={
        Object {
          "$$typeof": Symbol(react.forward_ref),
          "attrs": Array [],
          "componentStyle": ComponentStyle {
            "componentId": "sc-htpNat",
            "isStatic": false,
            "lastClassName": "c0",
            "rules": Array [
              "
  display: flex;
  flex-direction: row;
  align-items: center;
",
            ],
          },
          "displayName": "styled.div",
          "foldedComponentIds": Array [],
          "render": [Function],
          "styledComponentId": "sc-htpNat",
          "target": "div",
          "toString": [Function],
          "warnTooManyClasses": [Function],
          "withComponent": [Function],
        }
      }
      forwardedRef={null}
    >
      <div
        className="c0"
      >
        <styled.span
          highlight={true}
        >
          <StyledComponent
            forwardedComponent={
              Object {
                "$$typeof": Symbol(react.forward_ref),
                "attrs": Array [],
                "componentStyle": ComponentStyle {
                  "componentId": "sc-bdVaJa",
                  "isStatic": false,
                  "lastClassName": "c1",
                  "rules": Array [
                    "
  ",
                    "
  ",
                    [Function],
                    ";
  font-weight: bold;
  color: ",
                    [Function],
                    ";
",
                    ";
",
                  ],
                },
                "displayName": "styled.span",
                "foldedComponentIds": Array [],
                "render": [Function],
                "styledComponentId": "sc-bdVaJa",
                "target": "span",
                "toString": [Function],
                "warnTooManyClasses": [Function],
                "withComponent": [Function],
              }
            }
            forwardedRef={null}
            highlight={true}
          >
            <span
              className="c1"
            >
              a
            </span>
          </StyledComponent>
        </styled.span>
        <styled.span
          highlight={false}
        >
          <StyledComponent
            forwardedComponent={
              Object {
                "$$typeof": Symbol(react.forward_ref),
                "attrs": Array [],
                "componentStyle": ComponentStyle {
                  "componentId": "sc-bwzfXH",
                  "isStatic": false,
                  "lastClassName": "c2",
                  "rules": Array [
                    "
  ",
                    "
  ",
                    [Function],
                    ";
  font-weight: bold;
  color: ",
                    [Function],
                    ";
",
                    ";
  padding: 0rem 3rem;
",
                  ],
                },
                "displayName": "styled.span",
                "foldedComponentIds": Array [],
                "render": [Function],
                "styledComponentId": "sc-bwzfXH",
                "target": "span",
                "toString": [Function],
                "warnTooManyClasses": [Function],
                "withComponent": [Function],
              }
            }
            forwardedRef={null}
            highlight={false}
          >
            <span
              className="c2"
            >
              &lt;
            </span>
          </StyledComponent>
        </styled.span>
        <styled.span
          highlight={false}
        >
          <StyledComponent
            forwardedComponent={
              Object {
                "$$typeof": Symbol(react.forward_ref),
                "attrs": Array [],
                "componentStyle": ComponentStyle {
                  "componentId": "sc-bdVaJa",
                  "isStatic": false,
                  "lastClassName": "c1",
                  "rules": Array [
                    "
  ",
                    "
  ",
                    [Function],
                    ";
  font-weight: bold;
  color: ",
                    [Function],
                    ";
",
                    ";
",
                  ],
                },
                "displayName": "styled.span",
                "foldedComponentIds": Array [],
                "render": [Function],
                "styledComponentId": "sc-bdVaJa",
                "target": "span",
                "toString": [Function],
                "warnTooManyClasses": [Function],
                "withComponent": [Function],
              }
            }
            forwardedRef={null}
            highlight={false}
          >
            <span
              className="c1"
            >
              b
            </span>
          </StyledComponent>
        </styled.span>
        <styled.span
          highlight={false}
        >
          <StyledComponent
            forwardedComponent={
              Object {
                "$$typeof": Symbol(react.forward_ref),
                "attrs": Array [],
                "componentStyle": ComponentStyle {
                  "componentId": "sc-bwzfXH",
                  "isStatic": false,
                  "lastClassName": "c2",
                  "rules": Array [
                    "
  ",
                    "
  ",
                    [Function],
                    ";
  font-weight: bold;
  color: ",
                    [Function],
                    ";
",
                    ";
  padding: 0rem 3rem;
",
                  ],
                },
                "displayName": "styled.span",
                "foldedComponentIds": Array [],
                "render": [Function],
                "styledComponentId": "sc-bwzfXH",
                "target": "span",
                "toString": [Function],
                "warnTooManyClasses": [Function],
                "withComponent": [Function],
              }
            }
            forwardedRef={null}
            highlight={false}
          >
            <span
              className="c2"
            >
              &lt;
            </span>
          </StyledComponent>
        </styled.span>
        <styled.span
          highlight={false}
        >
          <StyledComponent
            forwardedComponent={
              Object {
                "$$typeof": Symbol(react.forward_ref),
                "attrs": Array [],
                "componentStyle": ComponentStyle {
                  "componentId": "sc-bdVaJa",
                  "isStatic": false,
                  "lastClassName": "c1",
                  "rules": Array [
                    "
  ",
                    "
  ",
                    [Function],
                    ";
  font-weight: bold;
  color: ",
                    [Function],
                    ";
",
                    ";
",
                  ],
                },
                "displayName": "styled.span",
                "foldedComponentIds": Array [],
                "render": [Function],
                "styledComponentId": "sc-bdVaJa",
                "target": "span",
                "toString": [Function],
                "warnTooManyClasses": [Function],
                "withComponent": [Function],
              }
            }
            forwardedRef={null}
            highlight={false}
          >
            <span
              className="c1"
            >
              c
            </span>
          </StyledComponent>
        </styled.span>
      </div>
    </StyledComponent>
  </styled.div>
</StepList>
`;
